../Core/Src/main.c:132:5:main	24	static
../Core/Src/main.c:300:6:SystemClock_Config	88	static
../Core/Src/main.c:347:13:MX_ADC1_Init	24	static
../Core/Src/main.c:399:13:MX_CAN1_Init	8	static
../Core/Src/main.c:436:13:MX_CAN2_Init	8	static
../Core/Src/main.c:473:13:MX_USART3_UART_Init	8	static
../Core/Src/main.c:504:13:MX_DMA_Init	16	static
../Core/Src/main.c:522:13:MX_GPIO_Init	48	static
../Core/Src/main.c:564:6:MX_CAN1_Setup	8	static
../Core/Src/main.c:580:6:MX_CAN2_Setup	8	static
../Core/Src/main.c:596:9:Calc_CRC_SAE_J1850	24	static
../Core/Src/main.c:612:6:HAL_ADC_ConvCpltCallback	16	static
../Core/Src/main.c:616:6:USART3_SendString	16	static
../Core/Src/main.c:624:6:PrintCANLog	184	static
../Core/Src/main.c:633:6:HAL_UART_RxCpltCallback	16	static
../Core/Src/main.c:639:6:delay	16	static
../Core/Src/main.c:649:6:Error_Handler	4	static,ignoring_inline_asm
