../Core/Src/main.c:132:5:main	21
../Core/Src/main.c:300:6:SystemClock_Config	3
../Core/Src/main.c:347:13:MX_ADC1_Init	3
../Core/Src/main.c:399:13:MX_CAN1_Init	2
../Core/Src/main.c:436:13:MX_CAN2_Init	2
../Core/Src/main.c:473:13:MX_USART3_UART_Init	2
../Core/Src/main.c:504:13:MX_DMA_Init	1
../Core/Src/main.c:522:13:MX_GPIO_Init	1
../Core/Src/main.c:564:6:MX_CAN1_Setup	1
../Core/Src/main.c:580:6:MX_CAN2_Setup	1
../Core/Src/main.c:596:9:Calc_CRC_SAE_J1850	4
../Core/Src/main.c:612:6:HAL_ADC_ConvCpltCallback	1
../Core/Src/main.c:616:6:USART3_SendString	2
../Core/Src/main.c:624:6:PrintCANLog	1
../Core/Src/main.c:633:6:HAL_UART_RxCpltCallback	1
../Core/Src/main.c:639:6:delay	1
../Core/Src/main.c:649:6:Error_Handler	1
