../Core/Src/main.c:133:5:main	24	static
../Core/Src/main.c:267:6:SystemClock_Config	88	static
../Core/Src/main.c:314:13:MX_ADC1_Init	24	static
../Core/Src/main.c:366:13:MX_CAN1_Init	8	static
../Core/Src/main.c:403:13:MX_CAN2_Init	8	static
../Core/Src/main.c:440:13:MX_USART3_UART_Init	8	static
../Core/Src/main.c:471:13:MX_DMA_Init	16	static
../Core/Src/main.c:489:13:MX_GPIO_Init	48	static
../Core/Src/main.c:531:6:MX_CAN1_Setup	8	static
../Core/Src/main.c:553:6:MX_CAN2_Setup	8	static
../Core/Src/main.c:569:9:Calc_CRC_SAE_J1850	24	static
../Core/Src/main.c:585:6:HAL_ADC_ConvCpltCallback	16	static
../Core/Src/main.c:589:6:USART3_SendString	16	static
../Core/Src/main.c:597:6:PrintCANLog	184	static
../Core/Src/main.c:606:6:HAL_UART_RxCpltCallback	16	static
../Core/Src/main.c:612:6:delay	16	static
../Core/Src/main.c:617:6:HAL_SYSTICK_Callback	8	static
../Core/Src/main.c:672:6:Error_Handler	4	static,ignoring_inline_asm
