../Core/Src/main.c:132:5:main	24
../Core/Src/main.c:313:6:SystemClock_Config	3
../Core/Src/main.c:360:13:MX_ADC1_Init	3
../Core/Src/main.c:412:13:MX_CAN1_Init	2
../Core/Src/main.c:449:13:MX_CAN2_Init	2
../Core/Src/main.c:486:13:MX_USART3_UART_Init	2
../Core/Src/main.c:517:13:MX_DMA_Init	1
../Core/Src/main.c:535:13:MX_GPIO_Init	1
../Core/Src/main.c:577:6:MX_CAN1_Setup	1
../Core/Src/main.c:599:6:MX_CAN2_Setup	1
../Core/Src/main.c:615:9:Calc_CRC_SAE_J1850	4
../Core/Src/main.c:631:6:HAL_ADC_ConvCpltCallback	1
../Core/Src/main.c:635:6:USART3_SendString	2
../Core/Src/main.c:643:6:PrintCANLog	1
../Core/Src/main.c:652:6:HAL_UART_RxCpltCallback	1
../Core/Src/main.c:658:6:delay	1
../Core/Src/main.c:668:6:Error_Handler	1
