../Core/Src/main.c:132:5:main	20
../Core/Src/main.c:265:6:SystemClock_Config	3
../Core/Src/main.c:312:13:MX_ADC1_Init	3
../Core/Src/main.c:364:13:MX_CAN1_Init	2
../Core/Src/main.c:401:13:MX_CAN2_Init	2
../Core/Src/main.c:438:13:MX_USART3_UART_Init	2
../Core/Src/main.c:469:13:MX_DMA_Init	1
../Core/Src/main.c:487:13:MX_GPIO_Init	1
../Core/Src/main.c:529:6:MX_CAN1_Setup	1
../Core/Src/main.c:551:6:MX_CAN2_Setup	1
../Core/Src/main.c:567:9:Calc_CRC_SAE_J1850	4
../Core/Src/main.c:583:6:HAL_ADC_ConvCpltCallback	1
../Core/Src/main.c:587:6:USART3_SendString	2
../Core/Src/main.c:595:6:PrintCANLog	1
../Core/Src/main.c:604:6:HAL_UART_RxCpltCallback	1
../Core/Src/main.c:610:6:delay	1
../Core/Src/main.c:615:6:HAL_SYSTICK_Callback	5
../Core/Src/main.c:668:6:Error_Handler	1
