../Core/Src/main.c:132:5:main	24	static
../Core/Src/main.c:265:6:SystemClock_Config	88	static
../Core/Src/main.c:312:13:MX_ADC1_Init	24	static
../Core/Src/main.c:364:13:MX_CAN1_Init	8	static
../Core/Src/main.c:401:13:MX_CAN2_Init	8	static
../Core/Src/main.c:438:13:MX_USART3_UART_Init	8	static
../Core/Src/main.c:469:13:MX_DMA_Init	16	static
../Core/Src/main.c:487:13:MX_GPIO_Init	48	static
../Core/Src/main.c:529:6:MX_CAN1_Setup	8	static
../Core/Src/main.c:551:6:MX_CAN2_Setup	8	static
../Core/Src/main.c:567:9:Calc_CRC_SAE_J1850	24	static
../Core/Src/main.c:583:6:HAL_ADC_ConvCpltCallback	16	static
../Core/Src/main.c:587:6:USART3_SendString	16	static
../Core/Src/main.c:595:6:PrintCANLog	184	static
../Core/Src/main.c:604:6:HAL_UART_RxCpltCallback	16	static
../Core/Src/main.c:610:6:delay	16	static
../Core/Src/main.c:615:6:HAL_SYSTICK_Callback	8	static
../Core/Src/main.c:668:6:Error_Handler	4	static,ignoring_inline_asm
