../Core/Src/stm32f4xx_it.c:77:6:NMI_Handler	4	static
../Core/Src/stm32f4xx_it.c:92:6:HardFault_Handler	4	static
../Core/Src/stm32f4xx_it.c:107:6:MemManage_Handler	4	static
../Core/Src/stm32f4xx_it.c:122:6:BusFault_Handler	4	static
../Core/Src/stm32f4xx_it.c:137:6:UsageFault_Handler	4	static
../Core/Src/stm32f4xx_it.c:152:6:SVC_Handler	4	static
../Core/Src/stm32f4xx_it.c:165:6:DebugMon_Handler	4	static
../Core/Src/stm32f4xx_it.c:178:6:PendSV_Handler	4	static
../Core/Src/stm32f4xx_it.c:191:6:SysTick_Handler	8	static
../Core/Src/stm32f4xx_it.c:216:6:EXTI0_IRQHandler	8	static
../Core/Src/stm32f4xx_it.c:235:6:CAN1_RX0_IRQHandler	16	static
../Core/Src/stm32f4xx_it.c:262:6:USART3_IRQHandler	8	static
../Core/Src/stm32f4xx_it.c:276:6:DMA2_Stream0_IRQHandler	8	static
../Core/Src/stm32f4xx_it.c:295:6:CAN2_RX0_IRQHandler	16	static
