../Core/Src/main.c:132:5:main	24	static
../Core/Src/main.c:313:6:SystemClock_Config	88	static
../Core/Src/main.c:360:13:MX_ADC1_Init	24	static
../Core/Src/main.c:412:13:MX_CAN1_Init	8	static
../Core/Src/main.c:449:13:MX_CAN2_Init	8	static
../Core/Src/main.c:486:13:MX_USART3_UART_Init	8	static
../Core/Src/main.c:517:13:MX_DMA_Init	16	static
../Core/Src/main.c:535:13:MX_GPIO_Init	48	static
../Core/Src/main.c:577:6:MX_CAN1_Setup	8	static
../Core/Src/main.c:599:6:MX_CAN2_Setup	8	static
../Core/Src/main.c:615:9:Calc_CRC_SAE_J1850	24	static
../Core/Src/main.c:631:6:HAL_ADC_ConvCpltCallback	16	static
../Core/Src/main.c:635:6:USART3_SendString	16	static
../Core/Src/main.c:643:6:PrintCANLog	16	static
../Core/Src/main.c:653:6:HAL_UART_RxCpltCallback	16	static
../Core/Src/main.c:659:6:delay	16	static
../Core/Src/main.c:669:6:Error_Handler	4	static,ignoring_inline_asm
