../Core/Src/main.c:132:5:main	24	static
../Core/Src/main.c:301:6:SystemClock_Config	88	static
../Core/Src/main.c:348:13:MX_ADC1_Init	24	static
../Core/Src/main.c:400:13:MX_CAN1_Init	8	static
../Core/Src/main.c:437:13:MX_CAN2_Init	8	static
../Core/Src/main.c:474:13:MX_USART3_UART_Init	8	static
../Core/Src/main.c:505:13:MX_DMA_Init	16	static
../Core/Src/main.c:523:13:MX_GPIO_Init	48	static
../Core/Src/main.c:565:6:MX_CAN1_Setup	8	static
../Core/Src/main.c:587:6:MX_CAN2_Setup	8	static
../Core/Src/main.c:603:9:Calc_CRC_SAE_J1850	24	static
../Core/Src/main.c:619:6:HAL_ADC_ConvCpltCallback	16	static
../Core/Src/main.c:623:6:USART3_SendString	16	static
../Core/Src/main.c:631:6:PrintCANLog	16	static
../Core/Src/main.c:641:6:HAL_UART_RxCpltCallback	16	static
../Core/Src/main.c:647:6:delay	16	static
../Core/Src/main.c:657:6:Error_Handler	4	static,ignoring_inline_asm
